n/notWally99.jpg
n/notWally98.jpg
n/notWally97.jpg
n/notWally96.jpg
n/notWally95.jpg
n/notWally94.jpg
n/notWally93.jpg
n/notWally92.jpg
n/notWally91.jpg
n/notWally89.jpg
n/notWally88.jpg
n/notWally87.jpg
n/notWally86.jpg
n/notWally85.jpg
n/notWally84.jpg
n/notWally449.jpg
n/notWally450.jpg
n/notWally451.jpg
n/notWally66.jpg
n/notWally80.jpg
n/notWally201.jpg
n/notWally212.jpg
n/notWally224.jpg
n/notWally235.jpg
n/notWally268.jpg
n/notWally279.jpg
n/notWally290.jpg
n/notWally301.jpg
n/notWally443.jpg
n/notWally445.jpg
n/notWally1.jpg
n/notWally101.jpg
n/notWally112.jpg
n/notWally124.jpg
n/notWally146.jpg
n/notWally157.jpg
n/notWally168.jpg
n/notWally179.jpg
n/notWally190.jpg
n/notWally2.jpg
n/notWally223.jpg
n/notWally24.jpg
n/notWally31.jpg
n/notWally334.jpg
n/notWally35.jpg
n/notWally43.jpg
n/notWally435.jpg
n/notWally437.jpg
n/notWally439.jpg
n/notWally440.jpg
n/notWally442.jpg
n/notWally446.jpg
n/notWally457.jpg
n/notWally46.jpg
n/notWally479.jpg
n/notWally53.jpg
n/notWally54.jpg
n/notWally55.jpg
n/notWally56.jpg
n/notWally57.jpg
n/notWally58.jpg
n/notWally59.jpg
n/notWally61.jpg
n/notWally62.jpg
n/notWally63.jpg
n/notWally64.jpg
n/notWally65.jpg
n/notWally67.jpg
n/notWally68.jpg
n/notWally69.jpg
n/notWally70.jpg
n/notWally71.jpg
n/notWally73.jpg
n/notWally74.jpg
n/notWally75.jpg
n/notWally76.jpg
n/notWally77.jpg
n/notWally78.jpg
n/notWally79.jpg
n/notWally81.jpg
n/notWally82.jpg
n/notWally83.jpg
n/notWally90.jpg
n/notWally0.jpg
n/notWally10.jpg
n/notWally11.jpg
n/notWally113.jpg
n/notWally12.jpg
n/notWally13.jpg
n/notWally135.jpg
n/notWally15.jpg
n/notWally16.jpg
n/notWally17.jpg
n/notWally18.jpg
n/notWally19.jpg
n/notWally20.jpg
n/notWally21.jpg
n/notWally22.jpg
n/notWally23.jpg
n/notWally246.jpg
n/notWally25.jpg
n/notWally257.jpg
n/notWally26.jpg
n/notWally28.jpg
n/notWally29.jpg
n/notWally3.jpg
n/notWally30.jpg
n/notWally32.jpg
n/notWally323.jpg
n/notWally33.jpg
n/notWally335.jpg
n/notWally34.jpg
n/notWally346.jpg
n/notWally36.jpg
n/notWally37.jpg
n/notWally379.jpg
n/notWally38.jpg
n/notWally39.jpg
n/notWally390.jpg
n/notWally4.jpg
n/notWally401.jpg
n/notWally41.jpg
n/notWally412.jpg
n/notWally42.jpg
n/notWally423.jpg
n/notWally434.jpg
n/notWally436.jpg
n/notWally438.jpg
n/notWally44.jpg
n/notWally441.jpg
n/notWally444.jpg
n/notWally447.jpg
n/notWally45.jpg
n/notWally452.jpg
n/notWally453.jpg
n/notWally454.jpg
n/notWally455.jpg
n/notWally456.jpg
n/notWally458.jpg
n/notWally459.jpg
n/notWally460.jpg
n/notWally462.jpg
n/notWally463.jpg
n/notWally464.jpg
n/notWally465.jpg
n/notWally466.jpg
n/notWally467.jpg
n/notWally468.jpg
n/notWally469.jpg
n/notWally47.jpg
n/notWally470.jpg
n/notWally471.jpg
n/notWally472.jpg
n/notWally473.jpg
n/notWally475.jpg
n/notWally476.jpg
n/notWally477.jpg
n/notWally478.jpg
n/notWally48.jpg
n/notWally480.jpg
n/notWally481.jpg
n/notWally482.jpg
n/notWally483.jpg
n/notWally484.jpg
n/notWally485.jpg
n/notWally486.jpg
n/notWally488.jpg
n/notWally489.jpg
n/notWally49.jpg
n/notWally5.jpg
n/notWally50.jpg
n/notWally51.jpg
n/notWally52.jpg
n/notWally60.jpg
n/notWally7.jpg
n/notWally72.jpg
n/notWally8.jpg
n/notWally9.jpg
n/notWally100.jpg
n/notWally102.jpg
n/notWally103.jpg
n/notWally104.jpg
n/notWally105.jpg
n/notWally106.jpg
n/notWally107.jpg
n/notWally108.jpg
n/notWally109.jpg
n/notWally110.jpg
n/notWally111.jpg
n/notWally114.jpg
n/notWally115.jpg
n/notWally116.jpg
n/notWally117.jpg
n/notWally118.jpg
n/notWally119.jpg
n/notWally120.jpg
n/notWally121.jpg
n/notWally122.jpg
n/notWally123.jpg
n/notWally125.jpg
n/notWally126.jpg
n/notWally127.jpg
n/notWally128.jpg
n/notWally129.jpg
n/notWally130.jpg
n/notWally131.jpg
n/notWally132.jpg
n/notWally133.jpg
n/notWally134.jpg
n/notWally136.jpg
n/notWally137.jpg
n/notWally138.jpg
n/notWally139.jpg
n/notWally14.jpg
n/notWally140.jpg
n/notWally141.jpg
n/notWally142.jpg
n/notWally143.jpg
n/notWally144.jpg
n/notWally145.jpg
n/notWally147.jpg
n/notWally148.jpg
n/notWally149.jpg
n/notWally150.jpg
n/notWally151.jpg
n/notWally152.jpg
n/notWally153.jpg
n/notWally154.jpg
n/notWally155.jpg
n/notWally156.jpg
n/notWally158.jpg
n/notWally159.jpg
n/notWally160.jpg
n/notWally161.jpg
n/notWally162.jpg
n/notWally163.jpg
n/notWally164.jpg
n/notWally165.jpg
n/notWally166.jpg
n/notWally167.jpg
n/notWally169.jpg
n/notWally170.jpg
n/notWally171.jpg
n/notWally172.jpg
n/notWally173.jpg
n/notWally174.jpg
n/notWally175.jpg
n/notWally176.jpg
n/notWally177.jpg
n/notWally178.jpg
n/notWally180.jpg
n/notWally181.jpg
n/notWally182.jpg
n/notWally183.jpg
n/notWally184.jpg
n/notWally185.jpg
n/notWally186.jpg
n/notWally187.jpg
n/notWally188.jpg
n/notWally189.jpg
n/notWally191.jpg
n/notWally192.jpg
n/notWally193.jpg
n/notWally194.jpg
n/notWally195.jpg
n/notWally196.jpg
n/notWally197.jpg
n/notWally198.jpg
n/notWally199.jpg
n/notWally200.jpg
n/notWally202.jpg
n/notWally203.jpg
n/notWally204.jpg
n/notWally205.jpg
n/notWally206.jpg
n/notWally207.jpg
n/notWally208.jpg
n/notWally209.jpg
n/notWally210.jpg
n/notWally211.jpg
n/notWally213.jpg
n/notWally214.jpg
n/notWally215.jpg
n/notWally216.jpg
n/notWally217.jpg
n/notWally218.jpg
n/notWally219.jpg
n/notWally220.jpg
n/notWally221.jpg
n/notWally222.jpg
n/notWally225.jpg
n/notWally226.jpg
n/notWally227.jpg
n/notWally228.jpg
n/notWally229.jpg
n/notWally230.jpg
n/notWally231.jpg
n/notWally232.jpg
n/notWally233.jpg
n/notWally234.jpg
n/notWally236.jpg
n/notWally237.jpg
n/notWally238.jpg
n/notWally239.jpg
n/notWally240.jpg
n/notWally241.jpg
n/notWally242.jpg
n/notWally243.jpg
n/notWally244.jpg
n/notWally245.jpg
n/notWally247.jpg
n/notWally248.jpg
n/notWally249.jpg
n/notWally250.jpg
n/notWally251.jpg
n/notWally252.jpg
n/notWally253.jpg
n/notWally254.jpg
n/notWally255.jpg
n/notWally256.jpg
n/notWally258.jpg
n/notWally259.jpg
n/notWally260.jpg
n/notWally261.jpg
n/notWally262.jpg
n/notWally263.jpg
n/notWally264.jpg
n/notWally265.jpg
n/notWally266.jpg
n/notWally267.jpg
n/notWally269.jpg
n/notWally27.jpg
n/notWally270.jpg
n/notWally271.jpg
n/notWally272.jpg
n/notWally273.jpg
n/notWally274.jpg
n/notWally275.jpg
n/notWally276.jpg
n/notWally277.jpg
n/notWally278.jpg
n/notWally280.jpg
n/notWally281.jpg
n/notWally282.jpg
n/notWally283.jpg
n/notWally284.jpg
n/notWally285.jpg
n/notWally286.jpg
n/notWally287.jpg
n/notWally288.jpg
n/notWally289.jpg
n/notWally291.jpg
n/notWally292.jpg
n/notWally293.jpg
n/notWally294.jpg
n/notWally295.jpg
n/notWally296.jpg
n/notWally297.jpg
n/notWally298.jpg
n/notWally299.jpg
n/notWally300.jpg
n/notWally302.jpg
n/notWally303.jpg
n/notWally304.jpg
n/notWally305.jpg
n/notWally306.jpg
n/notWally307.jpg
n/notWally308.jpg
n/notWally309.jpg
n/notWally310.jpg
n/notWally311.jpg
n/notWally312.jpg
n/notWally313.jpg
n/notWally314.jpg
n/notWally315.jpg
n/notWally316.jpg
n/notWally317.jpg
n/notWally318.jpg
n/notWally319.jpg
n/notWally320.jpg
n/notWally321.jpg
n/notWally322.jpg
n/notWally324.jpg
n/notWally325.jpg
n/notWally326.jpg
n/notWally327.jpg
n/notWally328.jpg
n/notWally329.jpg
n/notWally330.jpg
n/notWally331.jpg
n/notWally332.jpg
n/notWally333.jpg
n/notWally336.jpg
n/notWally337.jpg
n/notWally338.jpg
n/notWally339.jpg
n/notWally340.jpg
n/notWally341.jpg
n/notWally342.jpg
n/notWally343.jpg
n/notWally344.jpg
n/notWally345.jpg
n/notWally347.jpg
n/notWally348.jpg
n/notWally349.jpg
n/notWally350.jpg
n/notWally351.jpg
n/notWally352.jpg
n/notWally353.jpg
n/notWally354.jpg
n/notWally355.jpg
n/notWally356.jpg
n/notWally357.jpg
n/notWally358.jpg
n/notWally359.jpg
n/notWally360.jpg
n/notWally361.jpg
n/notWally362.jpg
n/notWally363.jpg
n/notWally364.jpg
n/notWally365.jpg
n/notWally366.jpg
n/notWally367.jpg
n/notWally368.jpg
n/notWally369.jpg
n/notWally370.jpg
n/notWally371.jpg
n/notWally372.jpg
n/notWally373.jpg
n/notWally374.jpg
n/notWally375.jpg
n/notWally376.jpg
n/notWally377.jpg
n/notWally378.jpg
n/notWally380.jpg
n/notWally381.jpg
n/notWally382.jpg
n/notWally383.jpg
n/notWally384.jpg
n/notWally385.jpg
n/notWally386.jpg
n/notWally387.jpg
n/notWally388.jpg
n/notWally389.jpg
n/notWally391.jpg
n/notWally392.jpg
n/notWally393.jpg
n/notWally394.jpg
n/notWally395.jpg
n/notWally396.jpg
n/notWally397.jpg
n/notWally398.jpg
n/notWally399.jpg
n/notWally40.jpg
n/notWally400.jpg
n/notWally402.jpg
n/notWally403.jpg
n/notWally404.jpg
n/notWally405.jpg
n/notWally406.jpg
n/notWally407.jpg
n/notWally408.jpg
n/notWally409.jpg
n/notWally410.jpg
n/notWally411.jpg
n/notWally413.jpg
n/notWally414.jpg
n/notWally415.jpg
n/notWally416.jpg
n/notWally417.jpg
n/notWally418.jpg
n/notWally419.jpg
n/notWally420.jpg
n/notWally421.jpg
n/notWally422.jpg
n/notWally424.jpg
n/notWally425.jpg
n/notWally426.jpg
n/notWally427.jpg
n/notWally428.jpg
n/notWally429.jpg
n/notWally430.jpg
n/notWally431.jpg
n/notWally432.jpg
n/notWally433.jpg
n/notWally448.jpg
n/notWally461.jpg
n/notWally474.jpg
n/notWally487.jpg
n/notWally6.jpg